\BOOKMARK [0][-]{chapter.1}{\376\377\000I\000n\000t\000r\000o\000d\000u\000c\000t\000i\000o\000n}{}% 1
\BOOKMARK [1][-]{section.1.1}{\376\377\000W\000h\000a\000t\000\040\000e\000v\000e\000n\000\040\000i\000s\000\040\000a\000\040\000R\000a\000n\000d\000o\000m\000i\000s\000e\000d\000\040\000A\000l\000g\000o\000r\000i\000t\000h\000m\000?}{chapter.1}% 2
\BOOKMARK [1][-]{section.1.2}{\376\377\000I\000m\000p\000l\000e\000m\000e\000n\000t\000a\000t\000i\000o\000n\000\040\000o\000f\000\040\000R\000a\000n\000d\000o\000m\000n\000e\000s\000s\000\040\000i\000n\000\040\000C\000+\000+}{chapter.1}% 3
\BOOKMARK [0][-]{chapter.2}{\376\377\000A\000l\000g\000o\000r\000i\000t\000h\000m\000i\000c\000\040\000P\000e\000r\000f\000o\000r\000m\000a\000n\000c\000e}{}% 4
\BOOKMARK [1][-]{section.2.1}{\376\377\000W\000o\000r\000s\000t\000\040\000C\000a\000s\000e\000\040\000A\000n\000a\000l\000y\000s\000i\000s}{chapter.2}% 5
\BOOKMARK [1][-]{section.2.2}{\376\377\000A\000v\000e\000r\000a\000g\000e\000\040\000C\000a\000s\000e\000\040\000A\000n\000a\000l\000y\000s\000i\000s}{chapter.2}% 6
\BOOKMARK [1][-]{section.2.3}{\376\377\000T\000i\000m\000e\000\040\000C\000o\000m\000p\000l\000e\000x\000i\000t\000y\000\040\000A\000n\000a\000l\000y\000s\000i\000s}{chapter.2}% 7
\BOOKMARK [0][-]{chapter.3}{\376\377\000T\000h\000e\000\040\000C\000l\000a\000s\000s\000i\000c\000s}{}% 8
\BOOKMARK [1][-]{section.3.1}{\376\377\000Q\000u\000i\000c\000k\000\040\000S\000o\000r\000t}{chapter.3}% 9
\BOOKMARK [1][-]{section.3.2}{\376\377\000Q\000u\000i\000c\000k\000\040\000S\000e\000l\000e\000c\000t}{chapter.3}% 10
\BOOKMARK [0][-]{chapter.4}{\376\377\000H\000a\000s\000h\000i\000n\000g}{}% 11
\BOOKMARK [1][-]{section.4.1}{\376\377\000W\000h\000a\000t\000\040\000e\000v\000e\000n\000\040\000i\000s\000\040\000H\000a\000s\000h\000i\000n\000g\000?}{chapter.4}% 12
\BOOKMARK [1][-]{section.4.2}{\376\377\000P\000o\000l\000y\000n\000o\000m\000i\000a\000l\000\040\000V\000e\000r\000i\000f\000i\000c\000a\000t\000i\000o\000n}{chapter.4}% 13
\BOOKMARK [1][-]{section.4.3}{\376\377\000M\000a\000t\000r\000i\000x\000\040\000M\000u\000l\000t\000i\000p\000l\000i\000c\000a\000t\000i\000o\000n\000\040\000V\000e\000r\000i\000f\000i\000c\000a\000t\000i\000o\000n}{chapter.4}% 14
\BOOKMARK [2][-]{subsection.4.3.1}{\376\377\000F\000r\000e\000i\000v\000a\000l\000d\000s\000'\000\040\000A\000l\000g\000o\000r\000i\000t\000h\000m}{section.4.3}% 15
\BOOKMARK [2][-]{subsection.4.3.2}{\376\377\000E\000r\000r\000o\000r\000\040\000P\000r\000o\000b\000a\000b\000i\000l\000i\000t\000y\000\040\000A\000n\000a\000l\000y\000s\000i\000s}{section.4.3}% 16
\BOOKMARK [1][-]{section.4.4}{\376\377\000A\000\040\000M\000a\000t\000r\000i\000x\000\040\000P\000r\000o\000b\000l\000e\000m}{chapter.4}% 17
\BOOKMARK [2][-]{subsection.4.4.1}{\376\377\000D\000e\000t\000e\000r\000m\000i\000n\000i\000s\000t\000i\000c\000\040\000M\000e\000t\000h\000o\000d}{section.4.4}% 18
\BOOKMARK [2][-]{subsection.4.4.2}{\376\377\000H\000a\000s\000h\000i\000n\000g\000\040\000M\000e\000t\000h\000o\000d}{section.4.4}% 19
\BOOKMARK [1][-]{section.4.5}{\376\377\000A\000\040\000S\000l\000i\000d\000i\000n\000g\000\040\000W\000i\000n\000d\000o\000w\000\040\000P\000r\000o\000b\000l\000e\000m}{chapter.4}% 20
\BOOKMARK [0][-]{chapter.5}{\376\377\000D\000a\000t\000a\000\040\000S\000t\000r\000u\000c\000t\000u\000r\000e\000s}{}% 21
\BOOKMARK [1][-]{section.5.1}{\376\377\000S\000k\000i\000p\000\040\000L\000i\000s\000t\000s}{chapter.5}% 22
\BOOKMARK [2][-]{subsection.5.1.1}{\376\377\000E\000x\000p\000e\000c\000t\000e\000d\000\040\000S\000t\000r\000u\000c\000t\000u\000r\000e\000\040\000o\000f\000\040\000a\000\040\000S\000k\000i\000p\000\040\000L\000i\000s\000t}{section.5.1}% 23
\BOOKMARK [2][-]{subsection.5.1.2}{\376\377\000E\000x\000p\000e\000c\000t\000e\000d\000\040\000H\000e\000i\000g\000h\000t\000\040\000o\000f\000\040\000S\000k\000i\000p\000\040\000L\000i\000s\000t}{section.5.1}% 24
\BOOKMARK [2][-]{subsection.5.1.3}{\376\377\000S\000e\000a\000r\000c\000h\000i\000n\000g\000\040\000i\000n\000\040\000a\000\040\000S\000k\000i\000p\000\040\000L\000i\000s\000t}{section.5.1}% 25
\BOOKMARK [2][-]{subsection.5.1.4}{\376\377\000R\000a\000n\000d\000o\000m\000i\000s\000e\000d\000,\000\040\000B\000u\000t\000\040\000W\000h\000y\000?}{section.5.1}% 26
\BOOKMARK [2][-]{subsection.5.1.5}{\376\377\000I\000n\000s\000e\000r\000t\000i\000o\000n\000s}{section.5.1}% 27
\BOOKMARK [1][-]{section.5.2}{\376\377\000T\000h\000e\000\040\000H\000a\000s\000h\000\040\000T\000a\000b\000l\000e}{chapter.5}% 28
\BOOKMARK [1][-]{section.5.3}{\376\377\000P\000r\000o\000b\000l\000e\000m\000s}{chapter.5}% 29
\BOOKMARK [0][-]{chapter.6}{\376\377\000T\000h\000e\000\040\000P\000r\000o\000b\000a\000b\000i\000l\000i\000s\000t\000i\000c\000\040\000M\000e\000t\000h\000o\000d}{}% 30
\BOOKMARK [1][-]{section.6.1}{\376\377\000T\000h\000e\000\040\000D\000o\000m\000i\000n\000a\000t\000i\000n\000g\000\040\000S\000e\000t\000\040\000P\000r\000o\000b\000l\000e\000m}{chapter.6}% 31
\BOOKMARK [1][-]{section.6.2}{\376\377\000B\000i\000p\000a\000r\000t\000i\000t\000e\000\040\000S\000u\000b\000g\000r\000a\000p\000h}{chapter.6}% 32
\BOOKMARK [0][-]{chapter.7}{\376\377\000O\000n\000l\000i\000n\000e\000\040\000D\000e\000c\000i\000s\000i\000o\000n\000\040\000A\000l\000g\000o\000r\000i\000t\000h\000m\000s}{}% 33
\BOOKMARK [1][-]{section.7.1}{\376\377\000T\000h\000e\000\040\000D\000a\000t\000i\000n\000g\000\040\000P\000r\000o\000b\000l\000e\000m}{chapter.7}% 34
\BOOKMARK [1][-]{section.7.2}{\376\377\000T\000h\000e\000\040\000P\000a\000r\000a\000l\000l\000e\000l\000\040\000P\000r\000o\000c\000e\000s\000s\000i\000n\000g\000\040\000P\000r\000o\000b\000l\000e\000m}{chapter.7}% 35
\BOOKMARK [2][-]{subsection.7.2.1}{\376\377\000G\000r\000e\000e\000d\000y\000\040\000A\000l\000g\000o\000r\000i\000t\000h\000m}{section.7.2}% 36
\BOOKMARK [2][-]{subsection.7.2.2}{\376\377\000P\000e\000r\000f\000o\000r\000m\000a\000n\000c\000e\000\040\000A\000n\000a\000l\000y\000s\000i\000s}{section.7.2}% 37
\BOOKMARK [2][-]{subsection.7.2.3}{\376\377\000T\000i\000g\000h\000t\000n\000e\000s\000s\000\040\000o\000f\000\040\000t\000h\000e\000\040\000B\000o\000u\000n\000d}{section.7.2}% 38
\BOOKMARK [0][-]{chapter.8}{\376\377\000H\000e\000u\000r\000i\000s\000t\000i\000c\000\040\000A\000l\000g\000o\000r\000i\000t\000h\000m\000s}{}% 39
\BOOKMARK [1][-]{section.8.1}{\376\377\000T\000h\000e\000\040\000D\000o\000m\000i\000n\000a\000t\000i\000n\000g\000\040\000S\000e\000t\000\040\000P\000r\000o\000b\000l\000e\000m\000\040\000R\000e\000v\000i\000s\000i\000t\000e\000d}{chapter.8}% 40
\BOOKMARK [1][-]{section.8.2}{\376\377\000E\000x\000a\000m\000\040\000S\000c\000h\000e\000d\000u\000l\000i\000n\000g}{chapter.8}% 41
\BOOKMARK [2][-]{subsection.8.2.1}{\376\377\000R\000a\000n\000d\000o\000m\000\040\000P\000e\000r\000m\000u\000t\000a\000t\000i\000o\000n}{section.8.2}% 42
\BOOKMARK [2][-]{subsection.8.2.2}{\376\377\000L\000o\000c\000a\000l\000\040\000D\000e\000c\000i\000s\000i\000o\000n}{section.8.2}% 43
\BOOKMARK [1][-]{section.8.3}{\376\377\000B\000i\000p\000a\000r\000t\000i\000t\000e\000\040\000S\000u\000b\000g\000r\000a\000p\000h\000\040\000R\000e\000v\000i\000s\000i\000t\000e\000d}{chapter.8}% 44
\BOOKMARK [1][-]{section*.51}{\376\377\000A\000p\000p\000e\000n\000d\000i\000c\000e\000s}{chapter.8}% 45
\BOOKMARK [0][-]{appendix.A}{\376\377\000P\000r\000o\000b\000a\000b\000i\000l\000i\000t\000y\000\040\000a\000n\000d\000\040\000E\000x\000p\000e\000c\000t\000a\000t\000i\000o\000n}{}% 46
\BOOKMARK [1][-]{section.A.1}{\376\377\000L\000i\000n\000e\000a\000r\000i\000t\000y\000\040\000o\000f\000\040\000E\000x\000p\000e\000c\000t\000a\000t\000i\000o\000n}{appendix.A}% 47
\BOOKMARK [1][-]{section.A.2}{\376\377\000U\000n\000i\000o\000n\000\040\000B\000o\000u\000n\000d}{appendix.A}% 48
\BOOKMARK [1][-]{section.A.3}{\376\377\000V\000a\000r\000i\000a\000n\000c\000e}{appendix.A}% 49
\BOOKMARK [1][-]{section.A.4}{\376\377\000I\000n\000d\000i\000c\000a\000t\000o\000r\000\040\000V\000a\000r\000i\000a\000b\000l\000e\000s}{appendix.A}% 50
\BOOKMARK [0][-]{appendix.B}{\376\377\000I\000n\000e\000q\000u\000a\000l\000i\000t\000i\000e\000s}{}% 51
\BOOKMARK [1][-]{section.B.1}{\376\377\000E\000x\000p\000o\000n\000e\000n\000t\000i\000a\000l\000\040\000I\000n\000e\000q\000u\000a\000l\000i\000t\000y}{appendix.B}% 52
\BOOKMARK [1][-]{section.B.2}{\376\377\000J\000e\000n\000s\000e\000n\040\031\000s\000\040\000I\000n\000e\000q\000u\000a\000l\000i\000t\000y}{appendix.B}% 53
\BOOKMARK [0][-]{appendix.C}{\376\377\000D\000i\000s\000c\000r\000e\000t\000e\000\040\000M\000a\000t\000h\000e\000m\000a\000t\000i\000c\000s}{}% 54
\BOOKMARK [1][-]{section.C.1}{\376\377\000P\000i\000g\000e\000o\000n\000h\000o\000l\000e\000\040\000P\000r\000i\000n\000c\000i\000p\000l\000e}{appendix.C}% 55
\BOOKMARK [1][-]{section.C.2}{\376\377\000B\000a\000s\000i\000c\000\040\000G\000r\000a\000p\000h\000\040\000D\000e\000f\000i\000n\000i\000t\000i\000o\000n\000s}{appendix.C}% 56
\BOOKMARK [0][-]{appendix.D}{\376\377\000L\000i\000n\000e\000a\000r\000\040\000A\000l\000g\000e\000b\000r\000a}{}% 57
\BOOKMARK [1][-]{section.D.1}{\376\377\000K\000e\000r\000n\000e\000l\000\040\000a\000n\000d\000\040\000R\000a\000n\000k}{appendix.D}% 58
\BOOKMARK [1][-]{section.D.2}{\376\377\000S\000p\000e\000c\000i\000a\000l\000\040\000C\000a\000s\000e\000s}{appendix.D}% 59
